// Jest Snapshot v1, https://goo.gl/fbAQLP

exports[`Map component snapshot tests Map component render map container 1`] = `
<section
  className="cities__map map"
  id="map"
/>
`;
