// Jest Snapshot v1, https://goo.gl/fbAQLP

exports[`FavoritesPlaceCard component snapshot tests FavoritesPlaceCard based PlaceCard with special classes and image sizes 1`] = `
<article
  className="place-card favorites__card"
  onMouseEnter={[Function]}
>
  <div
    className="place-card__mark"
  >
    <span>
      Premium
    </span>
  </div>
  <div
    className="place-card__image-wrapper favorites__image-wrapper"
  >
    <a
      href="#"
    >
      <img
        alt="luxurious apartment at great location"
        className="place-card__image"
        height={110}
        src="img/apartment-01.jpg"
        width={150}
      />
    </a>
  </div>
  <div
    className="place-card__info"
  >
    <div
      className="place-card__price-wrapper"
    >
      <div
        className="place-card__price"
      >
        <b
          className="place-card__price-value"
        >
          €
          120
        </b>
        <span
          className="place-card__price-text"
        >
          / 
          night
        </span>
      </div>
      <button
        className="place-card__bookmark-button button place-card__bookmark-button--active"
        onClick={[Function]}
        type="button"
      >
        <svg
          className="place-card__bookmark-icon"
          height="19"
          width="18"
        >
          <use
            xlinkHref="#icon-bookmark"
          />
        </svg>
        <span
          className="visually-hidden"
        >
          To bookmarks
        </span>
      </button>
    </div>
    <div
      className="place-card__rating rating"
    >
      <div
        className="place-card__stars rating__stars"
      >
        <span
          style={
            Object {
              "width": "100%",
            }
          }
        />
        <span
          className="visually-hidden"
        >
          Rating
        </span>
      </div>
    </div>
    <h2
      className="place-card__name"
    >
      <a
        href="/offer/0"
        onClick={[Function]}
      >
        luxurious apartment at great location
      </a>
    </h2>
    <p
      className="place-card__type"
    >
      Apartment
    </p>
  </div>
</article>
`;
